// Jest Snapshot v1, https://goo.gl/fbAQLP

exports[`renders correctly 1`] = `
<MyText
  accessible={true}
  allowFontScaling={true}
  ellipsizeMode="tail"
>
  Mon, Nov 20, 2017 12:00 AM
</MyText>
`;
