// Jest Snapshot v1, https://goo.gl/fbAQLP

exports[`ErrorNotice should render a network error 1`] = `
<View
  accessible={true}
  focusable={true}
  onClick={[Function]}
  onResponderGrant={[Function]}
  onResponderMove={[Function]}
  onResponderRelease={[Function]}
  onResponderTerminate={[Function]}
  onResponderTerminationRequest={[Function]}
  onStartShouldSetResponder={[Function]}
  style={
    Object {
      "alignItems": "center",
      "backgroundColor": "#505256",
      "flexDirection": "row",
      "justifyContent": "center",
      "opacity": 1,
      "padding": 5,
    }
  }
>
  <Text
    style={
      Object {
        "color": "#ffffff",
        "fontFamily": "SourceSansPro-Regular",
        "fontSize": 16,
        "fontStyle": "normal",
        "fontWeight": "normal",
        "lineHeight": 24,
      }
    }
  >
    Offline
  </Text>
  <Text
    allowFontScaling={false}
    style={
      Array [
        Object {
          "color": undefined,
          "fontSize": 12,
        },
        Array [
          Object {
            "color": "#ffffff",
          },
          Object {
            "fontSize": 18,
          },
          undefined,
        ],
        Object {
          "fontFamily": "Material Icons",
          "fontStyle": "normal",
          "fontWeight": "normal",
        },
        Object {},
      ]
    }
  >
    
  </Text>
</View>
`;

exports[`ErrorNotice should render an a specificError 1`] = `
<View
  accessible={true}
  focusable={true}
  onClick={[Function]}
  onResponderGrant={[Function]}
  onResponderMove={[Function]}
  onResponderRelease={[Function]}
  onResponderTerminate={[Function]}
  onResponderTerminationRequest={[Function]}
  onStartShouldSetResponder={[Function]}
  style={
    Object {
      "alignItems": "center",
      "backgroundColor": "#505256",
      "flexDirection": "row",
      "justifyContent": "center",
      "opacity": 1,
      "padding": 5,
    }
  }
>
  <Text
    style={
      Object {
        "color": "#ffffff",
        "fontFamily": "SourceSansPro-Regular",
        "fontSize": 16,
        "fontStyle": "normal",
        "fontWeight": "normal",
        "lineHeight": 24,
      }
    }
  >
    A specific error was fired
  </Text>
  <Text
    allowFontScaling={false}
    style={
      Array [
        Object {
          "color": undefined,
          "fontSize": 12,
        },
        Array [
          Object {
            "color": "#ffffff",
          },
          Object {
            "fontSize": 18,
          },
          undefined,
        ],
        Object {
          "fontFamily": "Material Icons",
          "fontStyle": "normal",
          "fontWeight": "normal",
        },
        Object {},
      ]
    }
  >
    
  </Text>
</View>
`;

exports[`ErrorNotice should render an error 1`] = `
<View
  accessible={true}
  focusable={true}
  onClick={[Function]}
  onResponderGrant={[Function]}
  onResponderMove={[Function]}
  onResponderRelease={[Function]}
  onResponderTerminate={[Function]}
  onResponderTerminationRequest={[Function]}
  onStartShouldSetResponder={[Function]}
  style={
    Object {
      "alignItems": "center",
      "backgroundColor": "#505256",
      "flexDirection": "row",
      "justifyContent": "center",
      "opacity": 1,
      "padding": 5,
    }
  }
>
  <Text
    style={
      Object {
        "color": "#ffffff",
        "fontFamily": "SourceSansPro-Regular",
        "fontSize": 16,
        "fontStyle": "normal",
        "fontWeight": "normal",
        "lineHeight": 24,
      }
    }
  >
    A test error was fired.
  </Text>
  <Text
    allowFontScaling={false}
    style={
      Array [
        Object {
          "color": undefined,
          "fontSize": 12,
        },
        Array [
          Object {
            "color": "#ffffff",
          },
          Object {
            "fontSize": 18,
          },
          undefined,
        ],
        Object {
          "fontFamily": "Material Icons",
          "fontStyle": "normal",
          "fontWeight": "normal",
        },
        Object {},
      ]
    }
  >
    
  </Text>
</View>
`;

exports[`ErrorNotice should render nothing if no error 1`] = `null`;

exports[`ErrorNotice should show general error if no specific errors are matched 1`] = `
<View
  accessible={true}
  focusable={true}
  onClick={[Function]}
  onResponderGrant={[Function]}
  onResponderMove={[Function]}
  onResponderRelease={[Function]}
  onResponderTerminate={[Function]}
  onResponderTerminationRequest={[Function]}
  onStartShouldSetResponder={[Function]}
  style={
    Object {
      "alignItems": "center",
      "backgroundColor": "#505256",
      "flexDirection": "row",
      "justifyContent": "center",
      "opacity": 1,
      "padding": 5,
    }
  }
>
  <Text
    style={
      Object {
        "color": "#ffffff",
        "fontFamily": "SourceSansPro-Regular",
        "fontSize": 16,
        "fontStyle": "normal",
        "fontWeight": "normal",
        "lineHeight": 24,
      }
    }
  >
    A test error was fired.
  </Text>
  <Text
    allowFontScaling={false}
    style={
      Array [
        Object {
          "color": undefined,
          "fontSize": 12,
        },
        Array [
          Object {
            "color": "#ffffff",
          },
          Object {
            "fontSize": 18,
          },
          undefined,
        ],
        Object {
          "fontFamily": "Material Icons",
          "fontStyle": "normal",
          "fontWeight": "normal",
        },
        Object {},
      ]
    }
  >
    
  </Text>
</View>
`;
