// Jest Snapshot v1, https://goo.gl/fbAQLP

exports[`renders correctly with non-null onClick 1`] = `
<Flex
  align="center"
  justify="center"
>
  <Flex
    align="center"
    justify="center"
    style={
      Array [
        Object {
          "backgroundColor": "#005A7F",
          "borderRadius": 25,
          "height": 48,
          "margin": 10,
          "width": 48,
        },
        Object {
          "name": "extra wrapper style",
        },
      ]
    }
  >
    <IconButton
      disabled={false}
      name="some icon"
      onPress={[MockFunction]}
      style={
        Array [
          Object {
            "color": "#52C5DC",
            "fontSize": 24,
          },
          Object {},
          Object {
            "name": "extra button style",
          },
        ]
      }
      type="MissionHub"
    />
  </Flex>
  <MyText
    style={
      Object {
        "color": "#ffffff",
        "fontSize": 11,
      }
    }
  >
    Hello, MissionHub
  </MyText>
</Flex>
`;

exports[`renders correctly with undefined onClick 1`] = `
<Flex
  align="center"
  justify="center"
>
  <Flex
    align="center"
    justify="center"
    style={
      Array [
        Object {
          "backgroundColor": "#005A7F",
          "borderRadius": 25,
          "height": 48,
          "margin": 10,
          "width": 48,
        },
        undefined,
      ]
    }
  >
    <IconButton
      disabled={true}
      name="some icon"
      onPress={[Function]}
      style={
        Array [
          Object {
            "color": "#52C5DC",
            "fontSize": 24,
          },
          Object {
            "opacity": 0.5,
          },
          undefined,
        ]
      }
      type="MissionHub"
    />
  </Flex>
  <MyText
    style={
      Object {
        "color": "#ffffff",
        "fontSize": 11,
      }
    }
  >
    Hello, MissionHub
  </MyText>
</Flex>
`;
