// Jest Snapshot v1, https://goo.gl/fbAQLP

exports[`with enableBackButton renders correctly 1`] = `
<View
  flex={1}
>
  <View
    onLayout={[Function]}
    style={
      Array [
        undefined,
        Object {
          "backgroundColor": "transparent",
          "flex": 1,
        },
      ]
    }
  >
    <View
      style={
        Object {
          "backgroundColor": "#007398",
          "height": 215,
          "opacity": 1,
          "overflow": "hidden",
          "position": "absolute",
          "top": 0,
          "transform": Array [
            Object {
              "translateY": 0,
            },
            Object {
              "scale": 1,
            },
          ],
          "width": 750,
        }
      }
    >
      <View>
        <View />
      </View>
    </View>
    <RCTScrollView
      onChangeHeaderVisibility={[Function]}
      onScroll={[Function]}
      scrollEventThrottle={1}
      style={
        Object {
          "backgroundColor": "transparent",
        }
      }
    >
      <View>
        <View
          style={
            Object {
              "backgroundColor": "transparent",
              "overflow": "hidden",
            }
          }
        >
          <View
            style={
              Object {
                "backgroundColor": "transparent",
                "height": 215,
                "opacity": 1,
                "overflow": "hidden",
              }
            }
          >
            <View
              style={
                Object {
                  "height": 215,
                }
              }
            >
              <View
                alignItems="center"
                flex={1}
              >
                <RCTSafeAreaView
                  emulateUnlessSupported={true}
                  style={
                    Array [
                      Object {
                        "backgroundColor": "#007398",
                        "flexDirection": "row",
                        "height": 65,
                        "paddingTop": 20,
                      },
                      undefined,
                      null,
                    ]
                  }
                >
                  <View
                    style={
                      Array [
                        Object {
                          "paddingLeft": 5,
                        },
                        Object {
                          "alignItems": "flex-start",
                          "flex": 1,
                          "justifyContent": "center",
                        },
                      ]
                    }
                  />
                  <View
                    style={
                      Array [
                        Object {
                          "paddingRight": 5,
                        },
                        Object {
                          "alignItems": "flex-end",
                          "flex": 1,
                          "justifyContent": "center",
                        },
                      ]
                    }
                  />
                </RCTSafeAreaView>
                <Text
                  allowFontScaling={false}
                  style={
                    Array [
                      Object {
                        "color": undefined,
                        "fontSize": 12,
                      },
                      Array [
                        Object {
                          "color": "#ffffff",
                        },
                        Object {
                          "fontSize": 18,
                        },
                        Object {
                          "color": "#52C5DC",
                          "fontSize": 40,
                        },
                      ],
                      Object {
                        "fontFamily": "icomoon",
                        "fontStyle": "normal",
                        "fontWeight": "normal",
                      },
                      Object {},
                    ]
                  }
                >
                  î¤‚
                </Text>
                <Text
                  style={
                    Array [
                      Object {
                        "color": "#505256",
                      },
                      Object {
                        "fontFamily": "AmaticSC-Bold",
                      },
                      Object {
                        "color": "#52C5DC",
                        "fontSize": 36,
                        "letterSpacing": 2,
                        "lineHeight": 48,
                      },
                    ]
                  }
                >
                  add steps of faith
                </Text>
                <Text
                  style={
                    Array [
                      Object {
                        "color": "#505256",
                      },
                      Object {
                        "fontFamily": "SourceSansPro-Regular",
                      },
                      Object {
                        "color": "#ffffff",
                        "fontSize": 16,
                        "lineHeight": 24,
                        "paddingBottom": 36,
                        "paddingHorizontal": 50,
                        "textAlign": "center",
                      },
                    ]
                  }
                />
              </View>
            </View>
          </View>
        </View>
        <View
          onLayout={[Function]}
          style={
            Array [
              Array [
                Object {
                  "backgroundColor": "#ECEEF2",
                },
              ],
              Object {
                "minHeight": 0,
              },
            ]
          }
        >
          <View
            style={
              Object {
                "display": "none",
              }
            }
          />
          <StepsList
            contactName="roger"
            contactStageId="3"
            onPressStep={[Function]}
            organization={
              Object {
                "id": "4234234",
              }
            }
            receiverId="252342354234"
          />
        </View>
        <View
          style={
            Object {
              "backgroundColor": "#ECEEF2",
            }
          }
        />
      </View>
    </RCTScrollView>
    <View
      style={
        Object {
          "backgroundColor": "transparent",
          "height": 65,
          "left": 0,
          "overflow": "hidden",
          "position": "absolute",
          "top": 0,
          "transform": Array [
            Object {
              "translateY": -65,
            },
          ],
          "width": 750,
        }
      }
    >
      <View
        style={
          Object {
            "backgroundColor": "#007398",
            "height": 65,
            "opacity": 0,
            "transform": Array [
              Object {
                "translateY": -65,
              },
            ],
          }
        }
      >
        <View
          style={
            Object {
              "transform": Array [
                Object {
                  "translateY": 65,
                },
              ],
            }
          }
        >
          <RCTSafeAreaView
            emulateUnlessSupported={true}
            style={
              Array [
                Object {
                  "backgroundColor": "#007398",
                  "flexDirection": "row",
                  "height": 65,
                  "paddingTop": 20,
                },
                undefined,
                Object {
                  "elevation": 4,
                },
              ]
            }
          >
            <View
              style={
                Array [
                  Object {
                    "paddingLeft": 5,
                  },
                  Object {
                    "alignItems": "flex-start",
                    "flex": 1,
                    "justifyContent": "center",
                  },
                ]
              }
            />
            <View
              style={
                Array [
                  Object {},
                  Object {
                    "alignItems": "center",
                    "flex": 5,
                    "justifyContent": "center",
                  },
                ]
              }
            >
              <Text
                style={
                  Array [
                    Object {
                      "color": "#505256",
                    },
                    Object {
                      "fontFamily": "SourceSansPro-Regular",
                    },
                    Object {
                      "color": "#ffffff",
                      "fontSize": 14,
                    },
                  ]
                }
              >
                ADD STEPS OF FAITH
              </Text>
            </View>
            <View
              style={
                Array [
                  Object {
                    "paddingRight": 5,
                  },
                  Object {
                    "alignItems": "flex-end",
                    "flex": 1,
                    "justifyContent": "center",
                  },
                ]
              }
            />
          </RCTSafeAreaView>
        </View>
      </View>
    </View>
  </View>
  <RCTSafeAreaView
    emulateUnlessSupported={true}
  >
    <View
      accessible={true}
      isTVSelectable={true}
      onResponderGrant={[Function]}
      onResponderMove={[Function]}
      onResponderRelease={[Function]}
      onResponderTerminate={[Function]}
      onResponderTerminationRequest={[Function]}
      onStartShouldSetResponder={[Function]}
      style={
        Object {
          "opacity": 1,
        }
      }
      testID="BottomButton"
    >
      <View
        style={
          Array [
            Object {
              "alignItems": "center",
              "backgroundColor": "#52C5DC",
              "height": 60,
              "justifyContent": "center",
            },
            null,
            Object {
              "width": 750,
            },
            null,
          ]
        }
      >
        <Text
          style={
            Array [
              Object {
                "color": "#505256",
              },
              Object {
                "fontFamily": "SourceSansPro-Regular",
              },
              Array [
                Object {
                  "backgroundColor": "rgba(0,0,0,0)",
                  "color": "#ffffff",
                  "fontSize": 18,
                  "fontWeight": "500",
                  "letterSpacing": 1.5,
                  "textAlign": "center",
                },
                Object {},
              ],
            ]
          }
        >
          CREATE YOUR OWN STEP
        </Text>
      </View>
    </View>
  </RCTSafeAreaView>
  <RCTSafeAreaView
    emulateUnlessSupported={true}
    style={
      Array [
        Object {
          "alignItems": "flex-start",
          "alignSelf": "flex-start",
          "justifyContent": "center",
        },
        undefined,
        Object {
          "left": 5,
          "position": "absolute",
          "top": 25,
        },
      ]
    }
  >
    <View
      accessible={true}
      isTVSelectable={true}
      onResponderGrant={[Function]}
      onResponderMove={[Function]}
      onResponderRelease={[Function]}
      onResponderTerminate={[Function]}
      onResponderTerminationRequest={[Function]}
      onStartShouldSetResponder={[Function]}
      style={
        Object {
          "opacity": 1,
        }
      }
      testID="IconButton"
    >
      <View
        style={
          Array [
            Object {
              "backgroundColor": "transparent",
            },
            null,
            Object {},
            null,
          ]
        }
      >
        <Text
          allowFontScaling={false}
          style={
            Array [
              Object {
                "color": undefined,
                "fontSize": 12,
              },
              Array [
                Object {
                  "color": "#ffffff",
                },
                Object {
                  "fontSize": 18,
                },
                Array [
                  Object {
                    "margin": 10,
                  },
                  Object {},
                ],
              ],
              Object {
                "fontFamily": "icomoon",
                "fontStyle": "normal",
                "fontWeight": "normal",
              },
              Object {},
            ]
          }
        >
          î¤ƒ
        </Text>
      </View>
    </View>
  </RCTSafeAreaView>
</View>
`;

exports[`with enableSkipButton renders correctly 1`] = `
<View
  flex={1}
>
  <View
    onLayout={[Function]}
    style={
      Array [
        undefined,
        Object {
          "backgroundColor": "transparent",
          "flex": 1,
        },
      ]
    }
  >
    <View
      style={
        Object {
          "backgroundColor": "#007398",
          "height": 215,
          "opacity": 1,
          "overflow": "hidden",
          "position": "absolute",
          "top": 0,
          "transform": Array [
            Object {
              "translateY": 0,
            },
            Object {
              "scale": 1,
            },
          ],
          "width": 750,
        }
      }
    >
      <View>
        <View />
      </View>
    </View>
    <RCTScrollView
      onChangeHeaderVisibility={[Function]}
      onScroll={[Function]}
      scrollEventThrottle={1}
      style={
        Object {
          "backgroundColor": "transparent",
        }
      }
    >
      <View>
        <View
          style={
            Object {
              "backgroundColor": "transparent",
              "overflow": "hidden",
            }
          }
        >
          <View
            style={
              Object {
                "backgroundColor": "transparent",
                "height": 215,
                "opacity": 1,
                "overflow": "hidden",
              }
            }
          >
            <View
              style={
                Object {
                  "height": 215,
                }
              }
            >
              <View
                alignItems="center"
                flex={1}
              >
                <RCTSafeAreaView
                  emulateUnlessSupported={true}
                  style={
                    Array [
                      Object {
                        "backgroundColor": "#007398",
                        "flexDirection": "row",
                        "height": 65,
                        "paddingTop": 20,
                      },
                      undefined,
                      null,
                    ]
                  }
                >
                  <View
                    style={
                      Array [
                        Object {
                          "paddingLeft": 5,
                        },
                        Object {
                          "alignItems": "flex-start",
                          "flex": 1,
                          "justifyContent": "center",
                        },
                      ]
                    }
                  />
                  <View
                    style={
                      Array [
                        Object {
                          "paddingRight": 5,
                        },
                        Object {
                          "alignItems": "flex-end",
                          "flex": 1,
                          "justifyContent": "center",
                        },
                      ]
                    }
                  />
                </RCTSafeAreaView>
                <Text
                  allowFontScaling={false}
                  style={
                    Array [
                      Object {
                        "color": undefined,
                        "fontSize": 12,
                      },
                      Array [
                        Object {
                          "color": "#ffffff",
                        },
                        Object {
                          "fontSize": 18,
                        },
                        Object {
                          "color": "#52C5DC",
                          "fontSize": 40,
                        },
                      ],
                      Object {
                        "fontFamily": "icomoon",
                        "fontStyle": "normal",
                        "fontWeight": "normal",
                      },
                      Object {},
                    ]
                  }
                >
                  î¤‚
                </Text>
                <Text
                  style={
                    Array [
                      Object {
                        "color": "#505256",
                      },
                      Object {
                        "fontFamily": "AmaticSC-Bold",
                      },
                      Object {
                        "color": "#52C5DC",
                        "fontSize": 36,
                        "letterSpacing": 2,
                        "lineHeight": 48,
                      },
                    ]
                  }
                >
                  add steps of faith
                </Text>
                <Text
                  style={
                    Array [
                      Object {
                        "color": "#505256",
                      },
                      Object {
                        "fontFamily": "SourceSansPro-Regular",
                      },
                      Object {
                        "color": "#ffffff",
                        "fontSize": 16,
                        "lineHeight": 24,
                        "paddingBottom": 36,
                        "paddingHorizontal": 50,
                        "textAlign": "center",
                      },
                    ]
                  }
                />
              </View>
            </View>
          </View>
        </View>
        <View
          onLayout={[Function]}
          style={
            Array [
              Array [
                Object {
                  "backgroundColor": "#ECEEF2",
                },
              ],
              Object {
                "minHeight": 0,
              },
            ]
          }
        >
          <View
            style={
              Object {
                "display": "none",
              }
            }
          />
          <StepsList
            contactName="roger"
            contactStageId="3"
            onPressStep={[Function]}
            organization={
              Object {
                "id": "4234234",
              }
            }
            receiverId="252342354234"
          />
        </View>
        <View
          style={
            Object {
              "backgroundColor": "#ECEEF2",
            }
          }
        />
      </View>
    </RCTScrollView>
    <View
      style={
        Object {
          "backgroundColor": "transparent",
          "height": 65,
          "left": 0,
          "overflow": "hidden",
          "position": "absolute",
          "top": 0,
          "transform": Array [
            Object {
              "translateY": -65,
            },
          ],
          "width": 750,
        }
      }
    >
      <View
        style={
          Object {
            "backgroundColor": "#007398",
            "height": 65,
            "opacity": 0,
            "transform": Array [
              Object {
                "translateY": -65,
              },
            ],
          }
        }
      >
        <View
          style={
            Object {
              "transform": Array [
                Object {
                  "translateY": 65,
                },
              ],
            }
          }
        >
          <RCTSafeAreaView
            emulateUnlessSupported={true}
            style={
              Array [
                Object {
                  "backgroundColor": "#007398",
                  "flexDirection": "row",
                  "height": 65,
                  "paddingTop": 20,
                },
                undefined,
                Object {
                  "elevation": 4,
                },
              ]
            }
          >
            <View
              style={
                Array [
                  Object {
                    "paddingLeft": 5,
                  },
                  Object {
                    "alignItems": "flex-start",
                    "flex": 1,
                    "justifyContent": "center",
                  },
                ]
              }
            />
            <View
              style={
                Array [
                  Object {},
                  Object {
                    "alignItems": "center",
                    "flex": 5,
                    "justifyContent": "center",
                  },
                ]
              }
            >
              <Text
                style={
                  Array [
                    Object {
                      "color": "#505256",
                    },
                    Object {
                      "fontFamily": "SourceSansPro-Regular",
                    },
                    Object {
                      "color": "#ffffff",
                      "fontSize": 14,
                    },
                  ]
                }
              >
                ADD STEPS OF FAITH
              </Text>
            </View>
            <View
              style={
                Array [
                  Object {
                    "paddingRight": 5,
                  },
                  Object {
                    "alignItems": "flex-end",
                    "flex": 1,
                    "justifyContent": "center",
                  },
                ]
              }
            />
          </RCTSafeAreaView>
        </View>
      </View>
    </View>
  </View>
  <RCTSafeAreaView
    emulateUnlessSupported={true}
  >
    <View
      accessible={true}
      isTVSelectable={true}
      onResponderGrant={[Function]}
      onResponderMove={[Function]}
      onResponderRelease={[Function]}
      onResponderTerminate={[Function]}
      onResponderTerminationRequest={[Function]}
      onStartShouldSetResponder={[Function]}
      style={
        Object {
          "opacity": 1,
        }
      }
      testID="BottomButton"
    >
      <View
        style={
          Array [
            Object {
              "alignItems": "center",
              "backgroundColor": "#52C5DC",
              "height": 60,
              "justifyContent": "center",
            },
            null,
            Object {
              "width": 750,
            },
            null,
          ]
        }
      >
        <Text
          style={
            Array [
              Object {
                "color": "#505256",
              },
              Object {
                "fontFamily": "SourceSansPro-Regular",
              },
              Array [
                Object {
                  "backgroundColor": "rgba(0,0,0,0)",
                  "color": "#ffffff",
                  "fontSize": 18,
                  "fontWeight": "500",
                  "letterSpacing": 1.5,
                  "textAlign": "center",
                },
                Object {},
              ],
            ]
          }
        >
          CREATE YOUR OWN STEP
        </Text>
      </View>
    </View>
  </RCTSafeAreaView>
  <RCTSafeAreaView
    emulateUnlessSupported={true}
    style={
      Object {
        "position": "absolute",
        "right": 10,
        "top": 0,
      }
    }
  >
    <View
      accessible={true}
      isTVSelectable={true}
      onResponderGrant={[Function]}
      onResponderMove={[Function]}
      onResponderRelease={[Function]}
      onResponderTerminate={[Function]}
      onResponderTerminationRequest={[Function]}
      onStartShouldSetResponder={[Function]}
      style={
        Object {
          "opacity": 1,
        }
      }
      testID="SkipButton"
    >
      <View
        style={
          Array [
            Object {
              "backgroundColor": "transparent",
            },
            null,
            Array [
              Object {
                "padding": 15,
              },
              undefined,
            ],
            null,
          ]
        }
      >
        <Text
          style={
            Array [
              Object {
                "color": "#505256",
              },
              Object {
                "fontFamily": "SourceSansPro-Regular",
              },
              Array [
                Object {
                  "backgroundColor": "rgba(0,0,0,0)",
                  "color": "#ffffff",
                  "fontSize": 18,
                  "fontWeight": "500",
                  "letterSpacing": 1.5,
                  "textAlign": "center",
                },
                Array [
                  Object {
                    "color": "#ffffff",
                  },
                  undefined,
                ],
              ],
            ]
          }
        >
          SKIP
        </Text>
      </View>
    </View>
  </RCTSafeAreaView>
</View>
`;

exports[`without enableBackButton nor enableSkipButton renders correctly 1`] = `
<View
  flex={1}
>
  <View
    onLayout={[Function]}
    style={
      Array [
        undefined,
        Object {
          "backgroundColor": "transparent",
          "flex": 1,
        },
      ]
    }
  >
    <View
      style={
        Object {
          "backgroundColor": "#007398",
          "height": 215,
          "opacity": 1,
          "overflow": "hidden",
          "position": "absolute",
          "top": 0,
          "transform": Array [
            Object {
              "translateY": 0,
            },
            Object {
              "scale": 1,
            },
          ],
          "width": 750,
        }
      }
    >
      <View>
        <View />
      </View>
    </View>
    <RCTScrollView
      onChangeHeaderVisibility={[Function]}
      onScroll={[Function]}
      scrollEventThrottle={1}
      style={
        Object {
          "backgroundColor": "transparent",
        }
      }
    >
      <View>
        <View
          style={
            Object {
              "backgroundColor": "transparent",
              "overflow": "hidden",
            }
          }
        >
          <View
            style={
              Object {
                "backgroundColor": "transparent",
                "height": 215,
                "opacity": 1,
                "overflow": "hidden",
              }
            }
          >
            <View
              style={
                Object {
                  "height": 215,
                }
              }
            >
              <View
                alignItems="center"
                flex={1}
              >
                <RCTSafeAreaView
                  emulateUnlessSupported={true}
                  style={
                    Array [
                      Object {
                        "backgroundColor": "#007398",
                        "flexDirection": "row",
                        "height": 65,
                        "paddingTop": 20,
                      },
                      undefined,
                      null,
                    ]
                  }
                >
                  <View
                    style={
                      Array [
                        Object {
                          "paddingLeft": 5,
                        },
                        Object {
                          "alignItems": "flex-start",
                          "flex": 1,
                          "justifyContent": "center",
                        },
                      ]
                    }
                  />
                  <View
                    style={
                      Array [
                        Object {
                          "paddingRight": 5,
                        },
                        Object {
                          "alignItems": "flex-end",
                          "flex": 1,
                          "justifyContent": "center",
                        },
                      ]
                    }
                  />
                </RCTSafeAreaView>
                <Text
                  allowFontScaling={false}
                  style={
                    Array [
                      Object {
                        "color": undefined,
                        "fontSize": 12,
                      },
                      Array [
                        Object {
                          "color": "#ffffff",
                        },
                        Object {
                          "fontSize": 18,
                        },
                        Object {
                          "color": "#52C5DC",
                          "fontSize": 40,
                        },
                      ],
                      Object {
                        "fontFamily": "icomoon",
                        "fontStyle": "normal",
                        "fontWeight": "normal",
                      },
                      Object {},
                    ]
                  }
                >
                  î¤‚
                </Text>
                <Text
                  style={
                    Array [
                      Object {
                        "color": "#505256",
                      },
                      Object {
                        "fontFamily": "AmaticSC-Bold",
                      },
                      Object {
                        "color": "#52C5DC",
                        "fontSize": 36,
                        "letterSpacing": 2,
                        "lineHeight": 48,
                      },
                    ]
                  }
                >
                  add steps of faith
                </Text>
                <Text
                  style={
                    Array [
                      Object {
                        "color": "#505256",
                      },
                      Object {
                        "fontFamily": "SourceSansPro-Regular",
                      },
                      Object {
                        "color": "#ffffff",
                        "fontSize": 16,
                        "lineHeight": 24,
                        "paddingBottom": 36,
                        "paddingHorizontal": 50,
                        "textAlign": "center",
                      },
                    ]
                  }
                />
              </View>
            </View>
          </View>
        </View>
        <View
          onLayout={[Function]}
          style={
            Array [
              Array [
                Object {
                  "backgroundColor": "#ECEEF2",
                },
              ],
              Object {
                "minHeight": 0,
              },
            ]
          }
        >
          <View
            style={
              Object {
                "display": "none",
              }
            }
          />
          <StepsList
            contactName="roger"
            contactStageId="3"
            onPressStep={[Function]}
            organization={
              Object {
                "id": "4234234",
              }
            }
            receiverId="252342354234"
          />
        </View>
        <View
          style={
            Object {
              "backgroundColor": "#ECEEF2",
            }
          }
        />
      </View>
    </RCTScrollView>
    <View
      style={
        Object {
          "backgroundColor": "transparent",
          "height": 65,
          "left": 0,
          "overflow": "hidden",
          "position": "absolute",
          "top": 0,
          "transform": Array [
            Object {
              "translateY": -65,
            },
          ],
          "width": 750,
        }
      }
    >
      <View
        style={
          Object {
            "backgroundColor": "#007398",
            "height": 65,
            "opacity": 0,
            "transform": Array [
              Object {
                "translateY": -65,
              },
            ],
          }
        }
      >
        <View
          style={
            Object {
              "transform": Array [
                Object {
                  "translateY": 65,
                },
              ],
            }
          }
        >
          <RCTSafeAreaView
            emulateUnlessSupported={true}
            style={
              Array [
                Object {
                  "backgroundColor": "#007398",
                  "flexDirection": "row",
                  "height": 65,
                  "paddingTop": 20,
                },
                undefined,
                Object {
                  "elevation": 4,
                },
              ]
            }
          >
            <View
              style={
                Array [
                  Object {
                    "paddingLeft": 5,
                  },
                  Object {
                    "alignItems": "flex-start",
                    "flex": 1,
                    "justifyContent": "center",
                  },
                ]
              }
            />
            <View
              style={
                Array [
                  Object {},
                  Object {
                    "alignItems": "center",
                    "flex": 5,
                    "justifyContent": "center",
                  },
                ]
              }
            >
              <Text
                style={
                  Array [
                    Object {
                      "color": "#505256",
                    },
                    Object {
                      "fontFamily": "SourceSansPro-Regular",
                    },
                    Object {
                      "color": "#ffffff",
                      "fontSize": 14,
                    },
                  ]
                }
              >
                ADD STEPS OF FAITH
              </Text>
            </View>
            <View
              style={
                Array [
                  Object {
                    "paddingRight": 5,
                  },
                  Object {
                    "alignItems": "flex-end",
                    "flex": 1,
                    "justifyContent": "center",
                  },
                ]
              }
            />
          </RCTSafeAreaView>
        </View>
      </View>
    </View>
  </View>
  <RCTSafeAreaView
    emulateUnlessSupported={true}
  >
    <View
      accessible={true}
      isTVSelectable={true}
      onResponderGrant={[Function]}
      onResponderMove={[Function]}
      onResponderRelease={[Function]}
      onResponderTerminate={[Function]}
      onResponderTerminationRequest={[Function]}
      onStartShouldSetResponder={[Function]}
      style={
        Object {
          "opacity": 1,
        }
      }
      testID="BottomButton"
    >
      <View
        style={
          Array [
            Object {
              "alignItems": "center",
              "backgroundColor": "#52C5DC",
              "height": 60,
              "justifyContent": "center",
            },
            null,
            Object {
              "width": 750,
            },
            null,
          ]
        }
      >
        <Text
          style={
            Array [
              Object {
                "color": "#505256",
              },
              Object {
                "fontFamily": "SourceSansPro-Regular",
              },
              Array [
                Object {
                  "backgroundColor": "rgba(0,0,0,0)",
                  "color": "#ffffff",
                  "fontSize": 18,
                  "fontWeight": "500",
                  "letterSpacing": 1.5,
                  "textAlign": "center",
                },
                Object {},
              ],
            ]
          }
        >
          CREATE YOUR OWN STEP
        </Text>
      </View>
    </View>
  </RCTSafeAreaView>
</View>
`;
