// Jest Snapshot v1, https://goo.gl/fbAQLP

exports[`MemberCelebrate renders correctly 1`] = `
<Translate(EmptyCelebrateFeed)
  person={
    Object {
      "id": "1",
    }
  }
/>
`;
