// Jest Snapshot v1, https://goo.gl/fbAQLP

exports[`renders correctly 1`] = `
<View
  keyboardVerticalOffset={0}
  onLayout={[Function]}
  style={
    Array [
      Object {
        "backgroundColor": "#007398",
        "flex": 1,
        "flexDirection": "column",
        "justifyContent": "space-between",
      },
      Object {
        "paddingBottom": 0,
      },
    ]
  }
>
  <View
    style={
      Array [
        Object {},
        Object {
          "flex": 1,
        },
      ]
    }
  />
  <View
    style={
      Array [
        Object {
          "alignItems": "center",
        },
        Object {
          "flex": 2,
        },
      ]
    }
  >
    <Image
      source={
        Object {
          "testUri": "../../../assets/images/add_someone.png",
        }
      }
    />
  </View>
  <View
    style={
      Array [
        Object {
          "padding": 30,
        },
        Object {
          "flex": 3,
        },
      ]
    }
  >
    <View>
      <Text
        accessible={true}
        allowFontScaling={true}
        ellipsizeMode="tail"
        style={
          Array [
            Object {
              "color": "#505256",
            },
            Object {
              "fontFamily": "SourceSansPro-Regular",
            },
            Object {
              "color": "#52C5DC",
              "fontSize": 12,
            },
          ]
        }
      >
        Profile_Label_FirstName
      </Text>
      <TextInput
        allowFontScaling={true}
        autoCorrect={false}
        autoFocus={true}
        blurOnSubmit={false}
        multiline={false}
        onChangeText={[Function]}
        onSubmitEditing={[Function]}
        placeholder="First Name"
        placeholderTextColor="white"
        returnKeyType="next"
        selectionColor="#007398"
        style={
          Array [
            Object {
              "backgroundColor": undefined,
              "borderBottomColor": "#52C5DC",
              "borderBottomWidth": 1,
              "color": "#ffffff",
              "fontFamily": "SourceSansPro-Regular",
              "fontSize": 16,
              "letterSpacing": 0.25,
              "paddingVertical": 5,
            },
            Object {},
          ]
        }
        underlineColorAndroid={undefined}
        value=""
      />
    </View>
    <View
      style={
        Object {
          "paddingTop": 30,
        }
      }
    >
      <TextInput
        allowFontScaling={true}
        autoCorrect={false}
        autoFocus={false}
        blurOnSubmit={true}
        multiline={false}
        onChangeText={[Function]}
        placeholder="Last Name (if you want)"
        placeholderTextColor="white"
        returnKeyType="next"
        selectionColor="#007398"
        style={
          Array [
            Object {
              "backgroundColor": undefined,
              "borderBottomColor": "#52C5DC",
              "borderBottomWidth": 1,
              "color": "#ffffff",
              "fontFamily": "SourceSansPro-Regular",
              "fontSize": 16,
              "letterSpacing": 0.25,
              "paddingVertical": 5,
            },
            Object {},
          ]
        }
        underlineColorAndroid={undefined}
        value=""
      />
    </View>
  </View>
  <View
    style={
      Array [
        Object {},
        Object {
          "alignItems": "stretch",
          "flex": 1,
          "justifyContent": "flex-end",
        },
      ]
    }
  >
    <View
      accessibilityComponentType={undefined}
      accessibilityLabel={undefined}
      accessibilityTraits="button"
      accessible={true}
      collapsable={undefined}
      hitSlop={undefined}
      isTVSelectable={true}
      nativeID={undefined}
      onLayout={undefined}
      onResponderGrant={[Function]}
      onResponderMove={[Function]}
      onResponderRelease={[Function]}
      onResponderTerminate={[Function]}
      onResponderTerminationRequest={[Function]}
      onStartShouldSetResponder={[Function]}
      style={
        Object {
          "opacity": 1,
        }
      }
      testID={undefined}
      tvParallaxProperties={undefined}
    >
      <View
        style={
          Array [
            Object {
              "alignItems": "center",
              "backgroundColor": "#52C5DC",
              "height": 60,
              "justifyContent": "center",
            },
            null,
            Object {},
            null,
          ]
        }
      >
        <Text
          accessible={true}
          allowFontScaling={true}
          ellipsizeMode="tail"
          style={
            Array [
              Object {
                "color": "#505256",
              },
              Object {
                "fontFamily": "SourceSansPro-Regular",
              },
              Array [
                Object {
                  "backgroundColor": "rgba(0,0,0,0)",
                  "color": "#ffffff",
                  "fontSize": 18,
                  "fontWeight": "500",
                  "letterSpacing": 1.5,
                  "textAlign": "center",
                },
                Object {},
              ],
            ]
          }
        >
          NEXT
        </Text>
      </View>
    </View>
  </View>
</View>
`;
