// Jest Snapshot v1, https://goo.gl/fbAQLP

exports[`Contacts should render correctly 1`] = `
<View
  style={
    Object {
      "backgroundColor": "#ffffff",
      "flex": 1,
    }
  }
>
  <InfoModal
    action={[Function]}
    buttonLabel="FIND THEM HERE"
    title="We are moving Contacts to the web!"
    titleStyle={
      Object {
        "maxWidth": 200,
      }
    }
  />
  <withI18nextTranslation(SearchList)
    defaultData={Array []}
    filters={
      Object {
        "unassigned": Object {
          "id": "unassigned",
          "selected": true,
          "text": "Unassigned",
        },
      }
    }
    listProps={
      Object {
        "renderItem": [Function],
      }
    }
    onFilterPress={[Function]}
    onLoadMore={[Function]}
    onRemoveFilter={[Function]}
    onSearch={[Function]}
    placeholder="Search Contacts"
    setSearch={[Function]}
  />
</View>
`;

exports[`Contacts should render item 1`] = `
<PersonListItem
  onSelect={[Function]}
  organization={
    Object {
      "id": "1",
      "name": "Test Org",
    }
  }
  person={
    Object {
      "id": "1",
    }
  }
/>
`;
