// Jest Snapshot v1, https://goo.gl/fbAQLP

exports[`should render correctly 1`] = `
<CelebrateFeed
  items={
    Array [
      Object {
        "date": "2018-06-11 00:00:00 UTC",
        "events": Array [
          Object {
            "celebrateable_type": "interaction",
            "changed_attribute_value": "2018-06-11 00:00:00 UTC",
            "id": "10",
          },
        ],
        "id": "1",
      },
      Object {
        "date": "2018-06-10 00:00:00 UTC",
        "events": Array [
          Object {
            "celebrateable_type": "accepted_challenge",
            "changed_attribute_value": "2018-06-10 00:00:00 UTC",
            "id": "20",
          },
          Object {
            "celebrateable_type": "contact_assignment",
            "changed_attribute_value": "2018-06-10 00:00:00 UTC",
            "id": "30",
          },
        ],
        "id": "2",
      },
    ]
  }
  loadMoreItemsCallback={[Function]}
  refreshCallback={[Function]}
/>
`;
