// Jest Snapshot v1, https://goo.gl/fbAQLP

exports[`GroupsListScreen should render correctly 1`] = `
<SafeAreaView
  style={
    Object {
      "backgroundColor": "#007398",
      "flex": 1,
    }
  }
>
  <Component
    screen="GroupsTab"
  />
  <Header
    left={
      <IconButton
        name="menuIcon"
        onPress={[Function]}
        testID="IconButton"
        type="MissionHub"
      />
    }
    title="COMMUNITIES"
  />
  <Flex
    direction="row"
  >
    <Flex
      value={1}
    >
      <Button
        buttonTextStyle={
          Object {
            "color": "#ffffff",
            "fontSize": 12,
            "fontWeight": "bold",
          }
        }
        onPress={[Function]}
        style={
          Array [
            Object {
              "alignItems": "center",
              "alignSelf": "stretch",
              "backgroundColor": "#005A7F",
              "flexBasis": 40,
              "justifyContent": "center",
              "paddingVertical": 13,
            },
            Object {
              "borderRightColor": "#007398",
              "borderRightWidth": 1,
            },
          ]
        }
        text="JOIN A COMMUNITY"
        type="transparent"
      />
    </Flex>
    <Flex
      value={1}
    >
      <Button
        buttonTextStyle={
          Object {
            "color": "#ffffff",
            "fontSize": 12,
            "fontWeight": "bold",
          }
        }
        onPress={[Function]}
        style={
          Object {
            "alignItems": "center",
            "alignSelf": "stretch",
            "backgroundColor": "#005A7F",
            "flexBasis": 40,
            "justifyContent": "center",
            "paddingVertical": 13,
          }
        }
        text="CREATE A COMMUNITY"
        type="transparent"
      />
    </Flex>
  </Flex>
  <ScrollViewMock
    refreshControl={
      <MyRefreshControl
        onRefresh={[Function]}
        refreshing={false}
      />
    }
    style={
      Object {
        "backgroundColor": "#B4B6BA",
        "flex": 1,
      }
    }
  >
    <FlatList
      data={
        Array [
          Object {
            "id": "1",
            "name": "Test Org 1",
          },
          Object {
            "id": "2",
            "name": "Test Org 2",
            "user_created": true,
          },
        ]
      }
      disableVirtualization={false}
      horizontal={false}
      initialNumToRender={10}
      keyExtractor={[Function]}
      maxToRenderPerBatch={10}
      numColumns={1}
      onEndReachedThreshold={2}
      removeClippedSubviews={false}
      renderItem={[Function]}
      scrollEventThrottle={50}
      style={
        Object {
          "backgroundColor": "#ECEEF2",
          "flex": 1,
        }
      }
      testID="FlatList"
      updateCellsBatchingPeriod={50}
      windowSize={21}
    />
  </ScrollViewMock>
</SafeAreaView>
`;

exports[`should render null state 1`] = `
<RCTSafeAreaView
  emulateUnlessSupported={true}
  style={
    Object {
      "backgroundColor": "#007398",
      "flex": 1,
    }
  }
>
  <View
    style={
      Array [
        Object {
          "flexDirection": "row",
          "height": 56,
          "paddingTop": 0,
        },
        undefined,
        null,
      ]
    }
  >
    <View
      style={
        Array [
          Object {
            "paddingLeft": 5,
          },
          Object {
            "alignItems": "flex-start",
            "flex": 1,
            "justifyContent": "center",
          },
        ]
      }
    >
      <View
        accessible={true}
        clickable={true}
        isTVSelectable={true}
        onClick={[Function]}
        onResponderGrant={[Function]}
        onResponderMove={[Function]}
        onResponderRelease={[Function]}
        onResponderTerminate={[Function]}
        onResponderTerminationRequest={[Function]}
        onStartShouldSetResponder={[Function]}
        style={
          Object {
            "opacity": 1,
          }
        }
        testID="IconButton"
      >
        <View
          style={
            Array [
              Object {
                "backgroundColor": "transparent",
              },
              null,
              Object {},
              null,
            ]
          }
        >
          <Text
            allowFontScaling={false}
            style={
              Array [
                Object {
                  "color": undefined,
                  "fontSize": 12,
                },
                Array [
                  Object {
                    "color": "#ffffff",
                  },
                  Object {
                    "fontSize": 18,
                  },
                  Array [
                    Object {
                      "margin": 10,
                    },
                    Object {},
                  ],
                ],
                Object {
                  "fontFamily": "icomoon",
                  "fontStyle": "normal",
                  "fontWeight": "normal",
                },
                Object {},
              ]
            }
          >
            î¤š
          </Text>
        </View>
      </View>
    </View>
    <View
      style={
        Array [
          Object {},
          Object {
            "alignItems": "center",
            "flex": 4,
            "justifyContent": "center",
          },
        ]
      }
    >
      <Text
        numberOfLines={1}
        style={
          Array [
            Object {
              "color": "#505256",
            },
            Object {
              "fontFamily": "SourceSansPro-Regular",
            },
            Array [
              Object {
                "color": "white",
                "fontSize": 14,
                "fontWeight": "500",
              },
              undefined,
            ],
          ]
        }
      >
        COMMUNITIES
      </Text>
    </View>
    <View
      style={
        Array [
          Object {
            "paddingRight": 5,
          },
          Object {
            "alignItems": "flex-end",
            "flex": 1,
            "justifyContent": "center",
          },
        ]
      }
    />
  </View>
  <View
    style={
      Array [
        Object {},
        Object {
          "flexDirection": "row",
        },
      ]
    }
  >
    <View
      style={
        Array [
          Object {},
          Object {
            "flex": 1,
          },
        ]
      }
    >
      <View
        accessible={true}
        clickable={true}
        isTVSelectable={true}
        onClick={[Function]}
        onResponderGrant={[Function]}
        onResponderMove={[Function]}
        onResponderRelease={[Function]}
        onResponderTerminate={[Function]}
        onResponderTerminationRequest={[Function]}
        onStartShouldSetResponder={[Function]}
        style={
          Object {
            "opacity": 1,
          }
        }
      >
        <View
          style={
            Array [
              Object {
                "backgroundColor": "transparent",
              },
              null,
              Array [
                Object {
                  "alignItems": "center",
                  "alignSelf": "stretch",
                  "backgroundColor": "#005A7F",
                  "flexBasis": 40,
                  "justifyContent": "center",
                  "paddingVertical": 13,
                },
                Object {
                  "borderRightColor": "#007398",
                  "borderRightWidth": 1,
                },
              ],
              null,
            ]
          }
        >
          <Text
            style={
              Array [
                Object {
                  "color": "#505256",
                },
                Object {
                  "fontFamily": "SourceSansPro-Regular",
                },
                Array [
                  Object {
                    "backgroundColor": "rgba(0,0,0,0)",
                    "color": "#ffffff",
                    "fontSize": 18,
                    "fontWeight": "500",
                    "letterSpacing": 1.5,
                    "textAlign": "center",
                  },
                  Object {
                    "color": "#ffffff",
                    "fontSize": 12,
                    "fontWeight": "bold",
                  },
                ],
              ]
            }
          >
            JOIN A COMMUNITY
          </Text>
        </View>
      </View>
    </View>
    <View
      style={
        Array [
          Object {},
          Object {
            "flex": 1,
          },
        ]
      }
    >
      <View
        accessible={true}
        clickable={true}
        isTVSelectable={true}
        onClick={[Function]}
        onResponderGrant={[Function]}
        onResponderMove={[Function]}
        onResponderRelease={[Function]}
        onResponderTerminate={[Function]}
        onResponderTerminationRequest={[Function]}
        onStartShouldSetResponder={[Function]}
        style={
          Object {
            "opacity": 1,
          }
        }
      >
        <View
          style={
            Array [
              Object {
                "backgroundColor": "transparent",
              },
              null,
              Object {
                "alignItems": "center",
                "alignSelf": "stretch",
                "backgroundColor": "#005A7F",
                "flexBasis": 40,
                "justifyContent": "center",
                "paddingVertical": 13,
              },
              null,
            ]
          }
        >
          <Text
            style={
              Array [
                Object {
                  "color": "#505256",
                },
                Object {
                  "fontFamily": "SourceSansPro-Regular",
                },
                Array [
                  Object {
                    "backgroundColor": "rgba(0,0,0,0)",
                    "color": "#ffffff",
                    "fontSize": 18,
                    "fontWeight": "500",
                    "letterSpacing": 1.5,
                    "textAlign": "center",
                  },
                  Object {
                    "color": "#ffffff",
                    "fontSize": 12,
                    "fontWeight": "bold",
                  },
                ],
              ]
            }
          >
            CREATE A COMMUNITY
          </Text>
        </View>
      </View>
    </View>
  </View>
  <RCTScrollView
    refreshControl={
      <MyRefreshControl
        onRefresh={[Function]}
        refreshing={false}
      />
    }
    style={
      Object {
        "backgroundColor": "#B4B6BA",
        "flex": 1,
      }
    }
  >
    <RCTRefreshControl />
    <View>
      <RCTScrollView
        data={
          Array [
            Object {
              "id": "1",
              "name": "Test Org 1",
            },
            Object {
              "id": "2",
              "name": "Test Org 2",
              "user_created": true,
            },
          ]
        }
        disableVirtualization={false}
        getItem={[Function]}
        getItemCount={[Function]}
        horizontal={false}
        initialNumToRender={10}
        keyExtractor={[Function]}
        maxToRenderPerBatch={10}
        numColumns={1}
        onContentSizeChange={[Function]}
        onEndReachedThreshold={2}
        onLayout={[Function]}
        onMomentumScrollEnd={[Function]}
        onScroll={[Function]}
        onScrollBeginDrag={[Function]}
        onScrollEndDrag={[Function]}
        removeClippedSubviews={false}
        renderItem={[Function]}
        scrollEventThrottle={50}
        stickyHeaderIndices={Array []}
        style={
          Object {
            "backgroundColor": "#ECEEF2",
            "flex": 1,
          }
        }
        testID="FlatList"
        updateCellsBatchingPeriod={50}
        viewabilityConfigCallbackPairs={Array []}
        windowSize={21}
      >
        <View>
          <View
            onLayout={[Function]}
            style={null}
          >
            <View
              accessible={true}
              clickable={true}
              isTVSelectable={true}
              onClick={[Function]}
              onResponderGrant={[Function]}
              onResponderMove={[Function]}
              onResponderRelease={[Function]}
              onResponderTerminate={[Function]}
              onResponderTerminationRequest={[Function]}
              onStartShouldSetResponder={[Function]}
              style={
                Object {
                  "alignItems": "center",
                  "backgroundColor": "#ffffff",
                  "borderRadius": 4,
                  "elevation": 4,
                  "flexDirection": "row",
                  "marginHorizontal": 16,
                  "marginVertical": 8,
                  "opacity": 1,
                  "shadowColor": "#000000",
                  "shadowOffset": Object {
                    "height": 2,
                    "width": 0,
                  },
                  "shadowOpacity": 0.3,
                  "shadowRadius": 2,
                }
              }
            >
              <View
                style={
                  Array [
                    Array [
                      Object {
                        "borderRadius": 4,
                        "height": 403.875,
                      },
                      undefined,
                    ],
                    Object {
                      "flex": 1,
                    },
                  ]
                }
              >
                <Image
                  resizeMode="cover"
                  source={
                    Object {
                      "testUri": "../../../assets/images/impactBackground.png",
                    }
                  }
                  style={
                    Object {
                      "borderRadius": 4,
                      "height": "100%",
                      "width": "100%",
                    }
                  }
                />
                <View
                  style={
                    Array [
                      Object {
                        "backgroundColor": "rgba(0, 0, 0, 0.6)",
                        "borderBottomLeftRadius": 4,
                        "borderBottomRightRadius": 4,
                        "bottom": 0,
                        "left": 0,
                        "padding": 13,
                        "position": "absolute",
                        "right": 0,
                      },
                      Object {
                        "flexDirection": "row",
                        "justifyContent": "center",
                      },
                    ]
                  }
                >
                  <View
                    style={
                      Array [
                        Object {},
                        Object {
                          "flex": 1,
                        },
                      ]
                    }
                  >
                    <Text
                      style={
                        Array [
                          Object {
                            "color": "#505256",
                          },
                          Object {
                            "fontFamily": "SourceSansPro-Regular",
                          },
                          Object {
                            "color": "#ffffff",
                            "fontSize": 14,
                            "fontWeight": "bold",
                          },
                        ]
                      }
                    >
                      TEST ORG 1
                    </Text>
                    <Text
                      style={
                        Array [
                          Object {
                            "color": "#505256",
                          },
                          Object {
                            "fontFamily": "SourceSansPro-Regular",
                          },
                          Object {
                            "color": "#ffffff",
                            "fontSize": 12,
                          },
                        ]
                      }
                    >
                      0 Contacts
                      <Text
                        style={
                          Array [
                            Object {
                              "color": "#505256",
                            },
                            Object {
                              "fontFamily": "SourceSansPro-Regular",
                            },
                            Object {},
                          ]
                        }
                      >
                          Â·  
                      </Text>
                      0 Unassigned
                    </Text>
                  </View>
                  <View
                    style={
                      Array [
                        Object {},
                        Object {
                          "alignItems": "center",
                          "justifyContent": "center",
                        },
                      ]
                    }
                  >
                    <Text
                      allowFontScaling={false}
                      style={
                        Array [
                          Object {
                            "color": undefined,
                            "fontSize": 12,
                          },
                          Array [
                            Object {
                              "color": "#ffffff",
                            },
                            Object {
                              "fontSize": 20,
                            },
                            Object {
                              "color": "#ffffff",
                            },
                          ],
                          Object {
                            "fontFamily": "icomoon",
                            "fontStyle": "normal",
                            "fontWeight": "normal",
                          },
                          Object {},
                        ]
                      }
                    >
                      î¤„
                    </Text>
                    <View
                      style={
                        Object {
                          "backgroundColor": "#FF5532",
                          "borderColor": "#260C06",
                          "borderRadius": 8,
                          "borderWidth": 2,
                          "height": 16,
                          "position": "absolute",
                          "right": -5,
                          "top": 0,
                          "width": 16,
                        }
                      }
                    />
                  </View>
                </View>
              </View>
            </View>
          </View>
          <View
            onLayout={[Function]}
            style={null}
          >
            <View
              accessible={true}
              clickable={true}
              isTVSelectable={true}
              onClick={[Function]}
              onResponderGrant={[Function]}
              onResponderMove={[Function]}
              onResponderRelease={[Function]}
              onResponderTerminate={[Function]}
              onResponderTerminationRequest={[Function]}
              onStartShouldSetResponder={[Function]}
              style={
                Object {
                  "alignItems": "center",
                  "backgroundColor": "#ffffff",
                  "borderRadius": 4,
                  "elevation": 4,
                  "flexDirection": "row",
                  "marginHorizontal": 16,
                  "marginVertical": 8,
                  "opacity": 1,
                  "shadowColor": "#000000",
                  "shadowOffset": Object {
                    "height": 2,
                    "width": 0,
                  },
                  "shadowOpacity": 0.3,
                  "shadowRadius": 2,
                }
              }
            >
              <View
                style={
                  Array [
                    Array [
                      Object {
                        "borderRadius": 4,
                        "height": 403.875,
                      },
                      Object {
                        "backgroundColor": "#005A7F",
                      },
                    ],
                    Object {
                      "flex": 1,
                    },
                  ]
                }
              >
                <View
                  style={
                    Array [
                      Object {
                        "backgroundColor": "rgba(0, 0, 0, 0.6)",
                        "borderBottomLeftRadius": 4,
                        "borderBottomRightRadius": 4,
                        "bottom": 0,
                        "left": 0,
                        "padding": 13,
                        "position": "absolute",
                        "right": 0,
                      },
                      Object {
                        "flexDirection": "row",
                        "justifyContent": "center",
                      },
                    ]
                  }
                >
                  <View
                    style={
                      Array [
                        Object {},
                        Object {
                          "flex": 1,
                        },
                      ]
                    }
                  >
                    <Text
                      style={
                        Array [
                          Object {
                            "color": "#505256",
                          },
                          Object {
                            "fontFamily": "SourceSansPro-Regular",
                          },
                          Object {
                            "color": "#ffffff",
                            "fontSize": 14,
                            "fontWeight": "bold",
                          },
                        ]
                      }
                    >
                      TEST ORG 2
                    </Text>
                    <Text
                      style={
                        Array [
                          Object {
                            "color": "#505256",
                          },
                          Object {
                            "fontFamily": "SourceSansPro-Regular",
                          },
                          Object {
                            "color": "#ffffff",
                            "fontSize": 12,
                          },
                        ]
                      }
                    >
                      0 Members
                    </Text>
                  </View>
                  <View
                    style={
                      Array [
                        Object {},
                        Object {
                          "alignItems": "center",
                          "justifyContent": "center",
                        },
                      ]
                    }
                  >
                    <Text
                      allowFontScaling={false}
                      style={
                        Array [
                          Object {
                            "color": undefined,
                            "fontSize": 12,
                          },
                          Array [
                            Object {
                              "color": "#ffffff",
                            },
                            Object {
                              "fontSize": 20,
                            },
                            Object {
                              "color": "#ffffff",
                            },
                          ],
                          Object {
                            "fontFamily": "icomoon",
                            "fontStyle": "normal",
                            "fontWeight": "normal",
                          },
                          Object {},
                        ]
                      }
                    >
                      î¤„
                    </Text>
                    <View
                      style={
                        Object {
                          "backgroundColor": "#FF5532",
                          "borderColor": "#260C06",
                          "borderRadius": 8,
                          "borderWidth": 2,
                          "height": 16,
                          "position": "absolute",
                          "right": -5,
                          "top": 0,
                          "width": 16,
                        }
                      }
                    />
                  </View>
                </View>
              </View>
            </View>
          </View>
        </View>
      </RCTScrollView>
    </View>
  </RCTScrollView>
</RCTSafeAreaView>
`;
