// Jest Snapshot v1, https://goo.gl/fbAQLP

exports[`Surveys renderHeader match snapshot 1`] = `
<OnboardingCard
  type="surveys"
/>
`;

exports[`Surveys renders item 1`] = `
<withI18nextTranslation(GroupSurveyItem)
  onSelect={[Function]}
  survey={
    Object {
      "contacts_count": 5,
      "created_at": "2018-08-14T17:02:02Z",
      "id": "1",
      "title": "Test Survey 1",
      "unassigned_contacts_count": 5,
      "uncontacted_contacts_count": 5,
    }
  }
/>
`;

exports[`Surveys should render correctly 1`] = `
<View
  style={
    Object {
      "backgroundColor": "#ffffff",
      "flex": 1,
    }
  }
>
  <InfoModal
    action={[Function]}
    buttonLabel="FIND THEM HERE"
    title="We are moving Surveys to the web!"
    titleStyle={
      Object {
        "maxWidth": 200,
      }
    }
  />
  <FlatList
    ListFooterComponent={
      <LoadMore
        onPress={[Function]}
      />
    }
    ListHeaderComponent={[Function]}
    data={
      Array [
        Object {
          "contacts_count": 5,
          "created_at": "2018-08-14T17:02:02Z",
          "id": "1",
          "title": "Test Survey 1",
          "unassigned_contacts_count": 5,
          "uncontacted_contacts_count": 5,
        },
        Object {
          "contacts_count": 5,
          "created_at": "2018-08-14T17:02:02Z",
          "id": "2",
          "title": "Test Survey 2",
          "unassigned_contacts_count": 5,
          "uncontacted_contacts_count": 5,
        },
        Object {
          "contacts_count": 5,
          "created_at": "2018-08-14T17:02:02Z",
          "id": "3",
          "title": "Test Survey 3",
          "unassigned_contacts_count": 5,
          "uncontacted_contacts_count": 5,
        },
      ]
    }
    disableVirtualization={false}
    horizontal={false}
    initialNumToRender={10}
    keyExtractor={[Function]}
    maxToRenderPerBatch={10}
    numColumns={1}
    onEndReachedThreshold={2}
    refreshControl={
      <MyRefreshControl
        onRefresh={[Function]}
        refreshing={false}
      />
    }
    removeClippedSubviews={false}
    renderItem={[Function]}
    scrollEventThrottle={50}
    style={
      Object {
        "backgroundColor": "#ffffff",
        "flex": 1,
      }
    }
    updateCellsBatchingPeriod={50}
    windowSize={21}
  />
</View>
`;
