// Jest Snapshot v1, https://goo.gl/fbAQLP

exports[`renders correctly 1`] = `
<View
  style={
    Object {
      "backgroundColor": "#ffffff",
      "flex": 1,
    }
  }
>
  <Analytics
    screenName={
      Array [
        "celebrate item",
        "comments",
      ]
    }
  />
  <SafeAreaView>
    <StatusBar
      animated={true}
      backgroundColor="#006789"
      barStyle="dark-content"
      showHideTransition="fade"
    />
    <View
      style={
        Object {
          "backgroundColor": "#ffffff",
          "padding": 14,
          "paddingBottom": 5,
        }
      }
    >
      // @ts-ignore
      <View
        flexDirection="row"
      >
        // @ts-ignore
        <View
          flex={1}
        >
          <Connect(withI18nextTranslation(CelebrateItemName))
            name="Roger"
            organization={
              Object {
                "id": "24234234",
              }
            }
            pressable={true}
          />
          <CardTime
            date="2019-04-11T13:51:49.888"
          />
        </View>
        // @ts-ignore
        <Connect(CommentLikeComponent)
          event={
            Object {
              "changed_attribute_value": "2019-04-11T13:51:49.888",
              "id": "90001",
              "organization": Object {
                "id": "24234234",
              },
              "subject_person_name": "Roger",
            }
          }
        />
        <Connect(BackButton)
          customIcon="deleteIcon"
          iconStyle={
            Object {
              "color": "#000000",
            }
          }
          style={
            Object {
              "marginLeft": 10,
            }
          }
        />
      </View>
    </View>
  </SafeAreaView>
  <View
    style={
      Object {
        "backgroundColor": "#505256",
        "flex": 1,
      }
    }
  >
    <Image
      source={
        Object {
          "testUri": "../../../assets/images/Trailss.png",
        }
      }
      style={
        Object {
          "position": "absolute",
          "right": 0,
          "top": 0,
        }
      }
    />
    <Image
      source={
        Object {
          "testUri": "../../../assets/images/TrailGrey.png",
        }
      }
      style={
        Object {
          "bottom": 0,
          "left": 0,
          "position": "absolute",
        }
      }
    />
    <Connect(withI18nextTranslation(CommentsList))
      event={
        Object {
          "changed_attribute_value": "2019-04-11T13:51:49.888",
          "id": "90001",
          "organization": Object {
            "id": "24234234",
          },
          "subject_person_name": "Roger",
        }
      }
      listProps={
        Object {
          "ListHeaderComponent": [Function],
          "ref": [Function],
          "refreshControl": <MyRefreshControl
            onRefresh={[Function]}
            refreshing={false}
          />,
        }
      }
    />
  </View>
  <Connect(CelebrateCommentBox)
    event={
      Object {
        "changed_attribute_value": "2019-04-11T13:51:49.888",
        "id": "90001",
        "organization": Object {
          "id": "24234234",
        },
        "subject_person_name": "Roger",
      }
    }
    onAddComplete={[Function]}
  />
</View>
`;
