// Jest Snapshot v1, https://goo.gl/fbAQLP

exports[`render label 1`] = `
<Component
  style={
    Array [
      Object {},
      Object {
        "flex": 1,
      },
    ]
  }
>
  <MyText
    accessible={true}
    allowFontScaling={true}
    ellipsizeMode="tail"
    style={
      Object {
        "color": "#A0A2A6",
      }
    }
  >
    Label
    :
  </MyText>
  <MyText
    accessible={true}
    allowFontScaling={true}
    ellipsizeMode="tail"
    numberOfLines={1}
    style={
      Object {
        "color": "#ffffff",
      }
    }
  >
    Test User
  </MyText>
</Component>
`;
