// Jest Snapshot v1, https://goo.gl/fbAQLP

exports[`renders correctly 1`] = `
<View
  style={
    Object {
      "backgroundColor": "#007398",
      "flex": 1,
    }
  }
>
  <RCTSafeAreaView
    emulateUnlessSupported={true}
    style={
      Object {
        "backgroundColor": "transparent",
      }
    }
  >
    <View
      style={
        Array [
          Object {
            "flexDirection": "row",
            "height": 56,
            "paddingTop": 0,
          },
          undefined,
          null,
        ]
      }
    >
      <View
        style={
          Array [
            Object {
              "paddingLeft": 5,
            },
            Object {
              "alignItems": "flex-start",
              "flex": 1,
              "justifyContent": "center",
            },
          ]
        }
      >
        <View
          style={
            Array [
              Object {
                "alignItems": "flex-start",
                "alignSelf": "flex-start",
                "justifyContent": "center",
              },
              undefined,
            ]
          }
        >
          <View
            accessible={true}
            focusable={true}
            onClick={[Function]}
            onResponderGrant={[Function]}
            onResponderMove={[Function]}
            onResponderRelease={[Function]}
            onResponderTerminate={[Function]}
            onResponderTerminationRequest={[Function]}
            onStartShouldSetResponder={[Function]}
            style={
              Object {
                "opacity": 1,
              }
            }
            testID="IconButton"
          >
            <View
              style={
                Array [
                  Object {
                    "backgroundColor": "transparent",
                  },
                  null,
                  Object {},
                  null,
                ]
              }
            >
              <Text
                allowFontScaling={false}
                style={
                  Array [
                    Object {
                      "color": undefined,
                      "fontSize": 12,
                    },
                    Array [
                      Object {
                        "color": "#ffffff",
                      },
                      Object {
                        "fontSize": 18,
                      },
                      Array [
                        Object {
                          "margin": 10,
                        },
                        undefined,
                      ],
                    ],
                    Object {
                      "fontFamily": "icomoon",
                      "fontStyle": "normal",
                      "fontWeight": "normal",
                    },
                    Object {},
                  ]
                }
              >
                î¤ƒ
              </Text>
            </View>
          </View>
        </View>
      </View>
      <View
        style={
          Array [
            Object {
              "paddingRight": 5,
            },
            Object {
              "alignItems": "flex-end",
              "flex": 1,
              "justifyContent": "center",
            },
          ]
        }
      >
        <View
          accessible={true}
          focusable={true}
          onClick={[Function]}
          onResponderGrant={[Function]}
          onResponderMove={[Function]}
          onResponderRelease={[Function]}
          onResponderTerminate={[Function]}
          onResponderTerminationRequest={[Function]}
          onStartShouldSetResponder={[Function]}
          style={
            Object {
              "opacity": 1,
            }
          }
          testID="skipButton"
        >
          <View
            style={
              Array [
                Object {
                  "backgroundColor": "transparent",
                },
                null,
                Array [
                  Object {
                    "padding": 15,
                  },
                  undefined,
                ],
                null,
              ]
            }
          >
            <Text
              style={
                Array [
                  Object {
                    "color": "#ffffff",
                    "fontFamily": "SourceSansPro-Regular",
                    "fontSize": 14,
                    "fontStyle": "normal",
                    "fontWeight": "bold",
                    "letterSpacing": 1,
                    "lineHeight": 18,
                    "textAlign": "center",
                    "textAlignVertical": "center",
                    "textTransform": "uppercase",
                  },
                  Array [
                    Object {
                      "color": "#ffffff",
                      "fontFamily": "SourceSansPro-Regular",
                      "fontSize": 14,
                      "fontStyle": "normal",
                      "fontWeight": "normal",
                      "lineHeight": 20,
                      "textAlignVertical": "center",
                      "textTransform": "none",
                    },
                    undefined,
                  ],
                ]
              }
            >
              SKIP
            </Text>
          </View>
        </View>
      </View>
    </View>
  </RCTSafeAreaView>
  <View
    style={
      Array [
        Object {
          "alignItems": "center",
          "flex": 1,
          "justifyContent": "center",
          "paddingHorizontal": 60,
        },
        Object {
          "alignItems": "center",
          "flex": 1,
          "justifyContent": "center",
        },
      ]
    }
  >
    <View
      style={
        Array [
          Object {},
          Object {
            "alignItems": "flex-start",
            "flex": 4,
            "justifyContent": "center",
          },
        ]
      }
    >
      <Image
        source={
          Object {
            "testUri": "../../../assets/images/add_someone.png",
          }
        }
        style={
          Object {
            "height": 80,
            "resizeMode": "contain",
            "width": 80,
          }
        }
      />
      <Text
        style={
          Object {
            "color": "#ffffff",
            "fontFamily": "SourceSansPro-Regular",
            "fontSize": 24,
            "fontStyle": "normal",
            "fontWeight": "normal",
            "lineHeight": 32,
            "paddingVertical": 10,
            "textAlign": "left",
            "textAlignVertical": "center",
            "textTransform": "none",
          }
        }
      >
        Growing closer to God involves helping others experience Him.

Take a moment and pray. Who do you want to take steps of faith with?
      </Text>
    </View>
    <RCTSafeAreaView
      emulateUnlessSupported={true}
      style={
        Object {
          "bottom": 20,
          "left": 50,
          "position": "absolute",
        }
      }
    >
      <View
        accessible={true}
        focusable={true}
        onClick={[Function]}
        onResponderGrant={[Function]}
        onResponderMove={[Function]}
        onResponderRelease={[Function]}
        onResponderTerminate={[Function]}
        onResponderTerminationRequest={[Function]}
        onStartShouldSetResponder={[Function]}
        style={
          Object {
            "opacity": 1,
          }
        }
        testID="bottomButton"
      >
        <View
          style={
            Array [
              Object {
                "alignItems": "center",
                "backgroundColor": "#3CC8E6",
                "height": 60,
                "justifyContent": "center",
              },
              null,
              Array [
                Object {
                  "alignItems": "center",
                  "height": 48,
                  "width": 650,
                },
                undefined,
              ],
              Object {
                "borderRadius": 50,
              },
            ]
          }
        >
          <Text
            style={
              Array [
                Object {
                  "color": "#ffffff",
                  "fontFamily": "SourceSansPro-Regular",
                  "fontSize": 14,
                  "fontStyle": "normal",
                  "fontWeight": "bold",
                  "letterSpacing": 1,
                  "lineHeight": 18,
                  "textAlign": "center",
                  "textAlignVertical": "center",
                  "textTransform": "uppercase",
                },
                Array [
                  undefined,
                ],
              ]
            }
          >
            ADD SOMEONE
          </Text>
        </View>
      </View>
    </RCTSafeAreaView>
  </View>
</View>
`;

exports[`renders without back button correctly 1`] = `
<View
  style={
    Object {
      "backgroundColor": "#007398",
      "flex": 1,
    }
  }
>
  <RCTSafeAreaView
    emulateUnlessSupported={true}
    style={
      Object {
        "backgroundColor": "transparent",
      }
    }
  >
    <View
      style={
        Array [
          Object {
            "flexDirection": "row",
            "height": 56,
            "paddingTop": 0,
          },
          undefined,
          null,
        ]
      }
    >
      <View
        style={
          Array [
            Object {
              "paddingLeft": 5,
            },
            Object {
              "alignItems": "flex-start",
              "flex": 1,
              "justifyContent": "center",
            },
          ]
        }
      />
      <View
        style={
          Array [
            Object {
              "paddingRight": 5,
            },
            Object {
              "alignItems": "flex-end",
              "flex": 1,
              "justifyContent": "center",
            },
          ]
        }
      >
        <View
          accessible={true}
          focusable={true}
          onClick={[Function]}
          onResponderGrant={[Function]}
          onResponderMove={[Function]}
          onResponderRelease={[Function]}
          onResponderTerminate={[Function]}
          onResponderTerminationRequest={[Function]}
          onStartShouldSetResponder={[Function]}
          style={
            Object {
              "opacity": 1,
            }
          }
          testID="skipButton"
        >
          <View
            style={
              Array [
                Object {
                  "backgroundColor": "transparent",
                },
                null,
                Array [
                  Object {
                    "padding": 15,
                  },
                  undefined,
                ],
                null,
              ]
            }
          >
            <Text
              style={
                Array [
                  Object {
                    "color": "#ffffff",
                    "fontFamily": "SourceSansPro-Regular",
                    "fontSize": 14,
                    "fontStyle": "normal",
                    "fontWeight": "bold",
                    "letterSpacing": 1,
                    "lineHeight": 18,
                    "textAlign": "center",
                    "textAlignVertical": "center",
                    "textTransform": "uppercase",
                  },
                  Array [
                    Object {
                      "color": "#ffffff",
                      "fontFamily": "SourceSansPro-Regular",
                      "fontSize": 14,
                      "fontStyle": "normal",
                      "fontWeight": "normal",
                      "lineHeight": 20,
                      "textAlignVertical": "center",
                      "textTransform": "none",
                    },
                    undefined,
                  ],
                ]
              }
            >
              SKIP
            </Text>
          </View>
        </View>
      </View>
    </View>
  </RCTSafeAreaView>
  <View
    style={
      Array [
        Object {
          "alignItems": "center",
          "flex": 1,
          "justifyContent": "center",
          "paddingHorizontal": 60,
        },
        Object {
          "alignItems": "center",
          "flex": 1,
          "justifyContent": "center",
        },
      ]
    }
  >
    <View
      style={
        Array [
          Object {},
          Object {
            "alignItems": "flex-start",
            "flex": 4,
            "justifyContent": "center",
          },
        ]
      }
    >
      <Image
        source={
          Object {
            "testUri": "../../../assets/images/add_someone.png",
          }
        }
        style={
          Object {
            "height": 80,
            "resizeMode": "contain",
            "width": 80,
          }
        }
      />
      <Text
        style={
          Object {
            "color": "#ffffff",
            "fontFamily": "SourceSansPro-Regular",
            "fontSize": 24,
            "fontStyle": "normal",
            "fontWeight": "normal",
            "lineHeight": 32,
            "paddingVertical": 10,
            "textAlign": "left",
            "textAlignVertical": "center",
            "textTransform": "none",
          }
        }
      >
        Growing closer to God involves helping others experience Him.

Take a moment and pray. Who do you want to take steps of faith with?
      </Text>
    </View>
    <RCTSafeAreaView
      emulateUnlessSupported={true}
      style={
        Object {
          "bottom": 20,
          "left": 50,
          "position": "absolute",
        }
      }
    >
      <View
        accessible={true}
        focusable={true}
        onClick={[Function]}
        onResponderGrant={[Function]}
        onResponderMove={[Function]}
        onResponderRelease={[Function]}
        onResponderTerminate={[Function]}
        onResponderTerminationRequest={[Function]}
        onStartShouldSetResponder={[Function]}
        style={
          Object {
            "opacity": 1,
          }
        }
        testID="bottomButton"
      >
        <View
          style={
            Array [
              Object {
                "alignItems": "center",
                "backgroundColor": "#3CC8E6",
                "height": 60,
                "justifyContent": "center",
              },
              null,
              Array [
                Object {
                  "alignItems": "center",
                  "height": 48,
                  "width": 650,
                },
                undefined,
              ],
              Object {
                "borderRadius": 50,
              },
            ]
          }
        >
          <Text
            style={
              Array [
                Object {
                  "color": "#ffffff",
                  "fontFamily": "SourceSansPro-Regular",
                  "fontSize": 14,
                  "fontStyle": "normal",
                  "fontWeight": "bold",
                  "letterSpacing": 1,
                  "lineHeight": 18,
                  "textAlign": "center",
                  "textAlignVertical": "center",
                  "textTransform": "uppercase",
                },
                Array [
                  undefined,
                ],
              ]
            }
          >
            ADD SOMEONE
          </Text>
        </View>
      </View>
    </RCTSafeAreaView>
  </View>
</View>
`;

exports[`renders without skip button correctly 1`] = `
<View
  style={
    Object {
      "backgroundColor": "#007398",
      "flex": 1,
    }
  }
>
  <RCTSafeAreaView
    emulateUnlessSupported={true}
    style={
      Object {
        "backgroundColor": "transparent",
      }
    }
  >
    <View
      style={
        Array [
          Object {
            "flexDirection": "row",
            "height": 56,
            "paddingTop": 0,
          },
          undefined,
          null,
        ]
      }
    >
      <View
        style={
          Array [
            Object {
              "paddingLeft": 5,
            },
            Object {
              "alignItems": "flex-start",
              "flex": 1,
              "justifyContent": "center",
            },
          ]
        }
      >
        <View
          style={
            Array [
              Object {
                "alignItems": "flex-start",
                "alignSelf": "flex-start",
                "justifyContent": "center",
              },
              undefined,
            ]
          }
        >
          <View
            accessible={true}
            focusable={true}
            onClick={[Function]}
            onResponderGrant={[Function]}
            onResponderMove={[Function]}
            onResponderRelease={[Function]}
            onResponderTerminate={[Function]}
            onResponderTerminationRequest={[Function]}
            onStartShouldSetResponder={[Function]}
            style={
              Object {
                "opacity": 1,
              }
            }
            testID="IconButton"
          >
            <View
              style={
                Array [
                  Object {
                    "backgroundColor": "transparent",
                  },
                  null,
                  Object {},
                  null,
                ]
              }
            >
              <Text
                allowFontScaling={false}
                style={
                  Array [
                    Object {
                      "color": undefined,
                      "fontSize": 12,
                    },
                    Array [
                      Object {
                        "color": "#ffffff",
                      },
                      Object {
                        "fontSize": 18,
                      },
                      Array [
                        Object {
                          "margin": 10,
                        },
                        undefined,
                      ],
                    ],
                    Object {
                      "fontFamily": "icomoon",
                      "fontStyle": "normal",
                      "fontWeight": "normal",
                    },
                    Object {},
                  ]
                }
              >
                î¤ƒ
              </Text>
            </View>
          </View>
        </View>
      </View>
      <View
        style={
          Array [
            Object {
              "paddingRight": 5,
            },
            Object {
              "alignItems": "flex-end",
              "flex": 1,
              "justifyContent": "center",
            },
          ]
        }
      />
    </View>
  </RCTSafeAreaView>
  <View
    style={
      Array [
        Object {
          "alignItems": "center",
          "flex": 1,
          "justifyContent": "center",
          "paddingHorizontal": 60,
        },
        Object {
          "alignItems": "center",
          "flex": 1,
          "justifyContent": "center",
        },
      ]
    }
  >
    <View
      style={
        Array [
          Object {},
          Object {
            "alignItems": "flex-start",
            "flex": 4,
            "justifyContent": "center",
          },
        ]
      }
    >
      <Image
        source={
          Object {
            "testUri": "../../../assets/images/add_someone.png",
          }
        }
        style={
          Object {
            "height": 80,
            "resizeMode": "contain",
            "width": 80,
          }
        }
      />
      <Text
        style={
          Object {
            "color": "#ffffff",
            "fontFamily": "SourceSansPro-Regular",
            "fontSize": 24,
            "fontStyle": "normal",
            "fontWeight": "normal",
            "lineHeight": 32,
            "paddingVertical": 10,
            "textAlign": "left",
            "textAlignVertical": "center",
            "textTransform": "none",
          }
        }
      >
        Growing closer to God involves helping others experience Him.

Take a moment and pray. Who do you want to take steps of faith with?
      </Text>
    </View>
    <RCTSafeAreaView
      emulateUnlessSupported={true}
      style={
        Object {
          "bottom": 20,
          "left": 50,
          "position": "absolute",
        }
      }
    >
      <View
        accessible={true}
        focusable={true}
        onClick={[Function]}
        onResponderGrant={[Function]}
        onResponderMove={[Function]}
        onResponderRelease={[Function]}
        onResponderTerminate={[Function]}
        onResponderTerminationRequest={[Function]}
        onStartShouldSetResponder={[Function]}
        style={
          Object {
            "opacity": 1,
          }
        }
        testID="bottomButton"
      >
        <View
          style={
            Array [
              Object {
                "alignItems": "center",
                "backgroundColor": "#3CC8E6",
                "height": 60,
                "justifyContent": "center",
              },
              null,
              Array [
                Object {
                  "alignItems": "center",
                  "height": 48,
                  "width": 650,
                },
                undefined,
              ],
              Object {
                "borderRadius": 50,
              },
            ]
          }
        >
          <Text
            style={
              Array [
                Object {
                  "color": "#ffffff",
                  "fontFamily": "SourceSansPro-Regular",
                  "fontSize": 14,
                  "fontStyle": "normal",
                  "fontWeight": "bold",
                  "letterSpacing": 1,
                  "lineHeight": 18,
                  "textAlign": "center",
                  "textAlignVertical": "center",
                  "textTransform": "uppercase",
                },
                Array [
                  undefined,
                ],
              ]
            }
          >
            ADD SOMEONE
          </Text>
        </View>
      </View>
    </RCTSafeAreaView>
  </View>
</View>
`;
