// Jest Snapshot v1, https://goo.gl/fbAQLP

exports[`renders cru org contact correctly 1`] = `
<View
  accessible={true}
  isTVSelectable={true}
  onResponderGrant={[Function]}
  onResponderMove={[Function]}
  onResponderRelease={[Function]}
  onResponderTerminate={[Function]}
  onResponderTerminationRequest={[Function]}
  onStartShouldSetResponder={[Function]}
  style={null}
>
  <View
    style={
      Array [
        Object {
          "backgroundColor": "#ffffff",
          "borderBottomColor": "#ECEEF2",
          "borderBottomWidth": 1,
          "paddingHorizontal": 24,
          "paddingVertical": 15,
          "width": 750,
        },
        Object {
          "alignItems": "center",
          "flexDirection": "row",
        },
      ]
    }
  >
    <View
      style={
        Array [
          Object {},
          Object {
            "flex": 1,
            "justifyContent": "center",
          },
        ]
      }
    >
      <Text
        style={
          Array [
            Object {
              "color": "#505256",
            },
            Object {
              "fontFamily": "SourceSansPro-Regular",
            },
            Array [
              Object {
                "color": "#007398",
                "fontSize": 16,
                "fontWeight": "bold",
              },
              null,
            ],
          ]
        }
      >
        JOHN DOE
      </Text>
      <View
        style={
          Array [
            Object {},
            Object {
              "alignItems": "center",
              "flexDirection": "row",
            },
          ]
        }
      >
        <Text
          style={
            Array [
              Object {
                "color": "#505256",
              },
              Object {
                "fontFamily": "SourceSansPro-Regular",
              },
              Object {
                "color": "#A0A2A6",
                "fontSize": 14,
              },
            ]
          }
        >
          Stage 1
        </Text>
        <Text
          style={
            Array [
              Object {
                "color": "#505256",
              },
              Object {
                "fontFamily": "SourceSansPro-Regular",
              },
              Object {
                "color": "#A0A2A6",
                "fontSize": 14,
              },
            ]
          }
        >
            &gt;  
        </Text>
        <Text
          style={
            Array [
              Object {
                "color": "#505256",
              },
              Object {
                "fontFamily": "SourceSansPro-Regular",
              },
              Array [
                Object {
                  "color": "#A0A2A6",
                  "fontSize": 14,
                },
                null,
              ],
            ]
          }
        >
          Contacted
        </Text>
      </View>
    </View>
  </View>
</View>
`;

exports[`renders cru org contact without stage correctly 1`] = `
<View
  accessible={true}
  isTVSelectable={true}
  onResponderGrant={[Function]}
  onResponderMove={[Function]}
  onResponderRelease={[Function]}
  onResponderTerminate={[Function]}
  onResponderTerminationRequest={[Function]}
  onStartShouldSetResponder={[Function]}
  style={null}
>
  <View
    style={
      Array [
        Object {
          "backgroundColor": "#ffffff",
          "borderBottomColor": "#ECEEF2",
          "borderBottomWidth": 1,
          "paddingHorizontal": 24,
          "paddingVertical": 15,
          "width": 750,
        },
        Object {
          "alignItems": "center",
          "flexDirection": "row",
        },
      ]
    }
  >
    <View
      style={
        Array [
          Object {},
          Object {
            "flex": 1,
            "justifyContent": "center",
          },
        ]
      }
    >
      <Text
        style={
          Array [
            Object {
              "color": "#505256",
            },
            Object {
              "fontFamily": "SourceSansPro-Regular",
            },
            Array [
              Object {
                "color": "#007398",
                "fontSize": 16,
                "fontWeight": "bold",
              },
              null,
            ],
          ]
        }
      >
        JOHN DOE
      </Text>
      <View
        style={
          Array [
            Object {},
            Object {
              "alignItems": "center",
              "flexDirection": "row",
            },
          ]
        }
      >
        <Text
          style={
            Array [
              Object {
                "color": "#505256",
              },
              Object {
                "fontFamily": "SourceSansPro-Regular",
              },
              Object {
                "color": "#A0A2A6",
                "fontSize": 14,
              },
            ]
          }
        >
          
        </Text>
        <Text
          style={
            Array [
              Object {
                "color": "#505256",
              },
              Object {
                "fontFamily": "SourceSansPro-Regular",
              },
              Object {
                "color": "#A0A2A6",
                "fontSize": 14,
              },
            ]
          }
        />
        <Text
          style={
            Array [
              Object {
                "color": "#505256",
              },
              Object {
                "fontFamily": "SourceSansPro-Regular",
              },
              Array [
                Object {
                  "color": "#A0A2A6",
                  "fontSize": 14,
                },
                null,
              ],
            ]
          }
        >
          Contacted
        </Text>
      </View>
    </View>
    <View
      accessible={true}
      isTVSelectable={true}
      onResponderGrant={[Function]}
      onResponderMove={[Function]}
      onResponderRelease={[Function]}
      onResponderTerminate={[Function]}
      onResponderTerminationRequest={[Function]}
      onStartShouldSetResponder={[Function]}
      style={
        Object {
          "opacity": 1,
        }
      }
    >
      <Text
        allowFontScaling={false}
        style={
          Array [
            Object {
              "color": undefined,
              "fontSize": 12,
            },
            Array [
              Object {
                "color": "#ffffff",
              },
              Object {
                "fontSize": 18,
              },
              Object {
                "color": "#FF5532",
                "fontSize": 24,
              },
            ],
            Object {
              "fontFamily": "icomoon",
              "fontStyle": "normal",
              "fontWeight": "normal",
            },
            Object {},
          ]
        }
      >
        î¤–
      </Text>
    </View>
  </View>
</View>
`;

exports[`renders cru org member correctly 1`] = `
<View
  accessible={true}
  isTVSelectable={true}
  onResponderGrant={[Function]}
  onResponderMove={[Function]}
  onResponderRelease={[Function]}
  onResponderTerminate={[Function]}
  onResponderTerminationRequest={[Function]}
  onStartShouldSetResponder={[Function]}
  style={null}
>
  <View
    style={
      Array [
        Object {
          "backgroundColor": "#ffffff",
          "borderBottomColor": "#ECEEF2",
          "borderBottomWidth": 1,
          "paddingHorizontal": 24,
          "paddingVertical": 15,
          "width": 750,
        },
        Object {
          "alignItems": "center",
          "flexDirection": "row",
        },
      ]
    }
  >
    <View
      style={
        Array [
          Object {},
          Object {
            "flex": 1,
            "justifyContent": "center",
          },
        ]
      }
    >
      <Text
        style={
          Array [
            Object {
              "color": "#505256",
            },
            Object {
              "fontFamily": "SourceSansPro-Regular",
            },
            Array [
              Object {
                "color": "#007398",
                "fontSize": 16,
                "fontWeight": "bold",
              },
              null,
            ],
          ]
        }
      >
        JOHN DOE
      </Text>
      <View
        style={
          Array [
            Object {},
            Object {
              "alignItems": "center",
              "flexDirection": "row",
            },
          ]
        }
      >
        <Text
          style={
            Array [
              Object {
                "color": "#505256",
              },
              Object {
                "fontFamily": "SourceSansPro-Regular",
              },
              Object {
                "color": "#A0A2A6",
                "fontSize": 14,
              },
            ]
          }
        >
          Stage 1
        </Text>
        <Text
          style={
            Array [
              Object {
                "color": "#505256",
              },
              Object {
                "fontFamily": "SourceSansPro-Regular",
              },
              Object {
                "color": "#A0A2A6",
                "fontSize": 14,
              },
            ]
          }
        />
        <Text
          style={
            Array [
              Object {
                "color": "#505256",
              },
              Object {
                "fontFamily": "SourceSansPro-Regular",
              },
              Array [
                Object {
                  "color": "#A0A2A6",
                  "fontSize": 14,
                },
                null,
              ],
            ]
          }
        >
          
        </Text>
      </View>
    </View>
  </View>
</View>
`;

exports[`renders me correctly 1`] = `
<View
  accessible={true}
  isTVSelectable={true}
  onResponderGrant={[Function]}
  onResponderMove={[Function]}
  onResponderRelease={[Function]}
  onResponderTerminate={[Function]}
  onResponderTerminationRequest={[Function]}
  onStartShouldSetResponder={[Function]}
  style={null}
>
  <View
    style={
      Array [
        Object {
          "backgroundColor": "#ffffff",
          "borderBottomColor": "#ECEEF2",
          "borderBottomWidth": 1,
          "paddingHorizontal": 24,
          "paddingVertical": 15,
          "width": 750,
        },
        Object {
          "alignItems": "center",
          "flexDirection": "row",
        },
      ]
    }
  >
    <View
      style={
        Array [
          Object {},
          Object {
            "flex": 1,
            "justifyContent": "center",
          },
        ]
      }
    >
      <Text
        style={
          Array [
            Object {
              "color": "#505256",
            },
            Object {
              "fontFamily": "SourceSansPro-Regular",
            },
            Array [
              Object {
                "color": "#007398",
                "fontSize": 16,
                "fontWeight": "bold",
              },
              null,
            ],
          ]
        }
      >
        ME
      </Text>
      <View
        style={
          Array [
            Object {},
            Object {
              "alignItems": "center",
              "flexDirection": "row",
            },
          ]
        }
      >
        <Text
          style={
            Array [
              Object {
                "color": "#505256",
              },
              Object {
                "fontFamily": "SourceSansPro-Regular",
              },
              Object {
                "color": "#A0A2A6",
                "fontSize": 14,
              },
            ]
          }
        >
          Stage 1
        </Text>
        <Text
          style={
            Array [
              Object {
                "color": "#505256",
              },
              Object {
                "fontFamily": "SourceSansPro-Regular",
              },
              Object {
                "color": "#A0A2A6",
                "fontSize": 14,
              },
            ]
          }
        />
        <Text
          style={
            Array [
              Object {
                "color": "#505256",
              },
              Object {
                "fontFamily": "SourceSansPro-Regular",
              },
              Array [
                Object {
                  "color": "#A0A2A6",
                  "fontSize": 14,
                },
                null,
              ],
            ]
          }
        >
          
        </Text>
      </View>
    </View>
  </View>
</View>
`;

exports[`renders personal ministry contact correctly 1`] = `
<View
  accessible={true}
  isTVSelectable={true}
  onResponderGrant={[Function]}
  onResponderMove={[Function]}
  onResponderRelease={[Function]}
  onResponderTerminate={[Function]}
  onResponderTerminationRequest={[Function]}
  onStartShouldSetResponder={[Function]}
  style={null}
>
  <View
    style={
      Array [
        Object {
          "backgroundColor": "#ffffff",
          "borderBottomColor": "#ECEEF2",
          "borderBottomWidth": 1,
          "paddingHorizontal": 24,
          "paddingVertical": 15,
          "width": 750,
        },
        Object {
          "alignItems": "center",
          "flexDirection": "row",
        },
      ]
    }
  >
    <View
      style={
        Array [
          Object {},
          Object {
            "flex": 1,
            "justifyContent": "center",
          },
        ]
      }
    >
      <Text
        style={
          Array [
            Object {
              "color": "#505256",
            },
            Object {
              "fontFamily": "SourceSansPro-Regular",
            },
            Array [
              Object {
                "color": "#007398",
                "fontSize": 16,
                "fontWeight": "bold",
              },
              null,
            ],
          ]
        }
      >
        JOHN DOE
      </Text>
      <View
        style={
          Array [
            Object {},
            Object {
              "alignItems": "center",
              "flexDirection": "row",
            },
          ]
        }
      >
        <Text
          style={
            Array [
              Object {
                "color": "#505256",
              },
              Object {
                "fontFamily": "SourceSansPro-Regular",
              },
              Object {
                "color": "#A0A2A6",
                "fontSize": 14,
              },
            ]
          }
        >
          Stage 1
        </Text>
        <Text
          style={
            Array [
              Object {
                "color": "#505256",
              },
              Object {
                "fontFamily": "SourceSansPro-Regular",
              },
              Object {
                "color": "#A0A2A6",
                "fontSize": 14,
              },
            ]
          }
        />
        <Text
          style={
            Array [
              Object {
                "color": "#505256",
              },
              Object {
                "fontFamily": "SourceSansPro-Regular",
              },
              Array [
                Object {
                  "color": "#A0A2A6",
                  "fontSize": 14,
                },
                null,
              ],
            ]
          }
        >
          
        </Text>
      </View>
    </View>
  </View>
</View>
`;

exports[`renders uncontacted cru org contact correctly 1`] = `
<View
  accessible={true}
  isTVSelectable={true}
  onResponderGrant={[Function]}
  onResponderMove={[Function]}
  onResponderRelease={[Function]}
  onResponderTerminate={[Function]}
  onResponderTerminationRequest={[Function]}
  onStartShouldSetResponder={[Function]}
  style={null}
>
  <View
    style={
      Array [
        Object {
          "backgroundColor": "#ffffff",
          "borderBottomColor": "#ECEEF2",
          "borderBottomWidth": 1,
          "paddingHorizontal": 24,
          "paddingVertical": 15,
          "width": 750,
        },
        Object {
          "alignItems": "center",
          "flexDirection": "row",
        },
      ]
    }
  >
    <View
      style={
        Array [
          Object {},
          Object {
            "flex": 1,
            "justifyContent": "center",
          },
        ]
      }
    >
      <Text
        style={
          Array [
            Object {
              "color": "#505256",
            },
            Object {
              "fontFamily": "SourceSansPro-Regular",
            },
            Array [
              Object {
                "color": "#007398",
                "fontSize": 16,
                "fontWeight": "bold",
              },
              null,
            ],
          ]
        }
      >
        JOHN DOE
      </Text>
      <View
        style={
          Array [
            Object {},
            Object {
              "alignItems": "center",
              "flexDirection": "row",
            },
          ]
        }
      >
        <Text
          style={
            Array [
              Object {
                "color": "#505256",
              },
              Object {
                "fontFamily": "SourceSansPro-Regular",
              },
              Object {
                "color": "#A0A2A6",
                "fontSize": 14,
              },
            ]
          }
        >
          Stage 1
        </Text>
        <Text
          style={
            Array [
              Object {
                "color": "#505256",
              },
              Object {
                "fontFamily": "SourceSansPro-Regular",
              },
              Object {
                "color": "#A0A2A6",
                "fontSize": 14,
              },
            ]
          }
        >
            &gt;  
        </Text>
        <Text
          style={
            Array [
              Object {
                "color": "#505256",
              },
              Object {
                "fontFamily": "SourceSansPro-Regular",
              },
              Array [
                Object {
                  "color": "#A0A2A6",
                  "fontSize": 14,
                },
                Object {
                  "color": "#FF5532",
                },
              ],
            ]
          }
        >
          Uncontacted
        </Text>
      </View>
    </View>
  </View>
</View>
`;
